Test commit Tue Dec  2 21:03:06 PKT 2025
